ARM Linker, 5.03 [Build 76] [MDK-ARM Lite]

==============================================================================

Section Cross References

    startup_tm4c123.o(RESET) refers to startup_tm4c123.o(STACK) for __initial_sp
    startup_tm4c123.o(RESET) refers to startup_tm4c123.o(.text) for Reset_Handler
    startup_tm4c123.o(.text) refers to entry.o(.ARM.Collect$$$$00000000) for __main
    main.o(.text) refers to sysctl.o(.text) for SysCtlClockGet
    main.o(.text) refers to sysctl.o(.emb_text) for SysCtlDelay
    main.o(.text) refers to gpio.o(.text) for GPIOPinTypeGPIOOutput
    gpio.o(.text) refers to gpio.o(.constdata) for g_ppui32GPIOIntMapBlizzard
    gpio.o(.text) refers to interrupt.o(.text) for IntRegister
    sysctl.o(.text) refers to interrupt.o(.text) for IntRegister
    sysctl.o(.text) refers to sysctl.o(.constdata) for g_sXTALtoMEMTIM
    sysctl.o(.text) refers to cpu.o(.emb_text) for CPUwfi
    sysctl.o(.text) refers to sysctl.o(.emb_text) for SysCtlDelay
    interrupt.o(.text) refers to cpu.o(.emb_text) for CPUcpsie
    interrupt.o(.text) refers to interrupt.o(vtable) for g_pfnRAMVectors
    interrupt.o(.text) refers to interrupt.o(.constdata) for g_pui32Priority
    entry.o(.ARM.Collect$$$$00000000) refers (Special) to entry10a.o(.ARM.Collect$$$$0000000D) for __rt_final_cpp
    entry.o(.ARM.Collect$$$$00000000) refers (Special) to entry11a.o(.ARM.Collect$$$$0000000F) for __rt_final_exit
    entry.o(.ARM.Collect$$$$00000000) refers (Special) to entry7b.o(.ARM.Collect$$$$00000008) for _main_clock
    entry.o(.ARM.Collect$$$$00000000) refers (Special) to entry8b.o(.ARM.Collect$$$$0000000A) for _main_cpp_init
    entry.o(.ARM.Collect$$$$00000000) refers (Special) to entry9a.o(.ARM.Collect$$$$0000000B) for _main_init
    entry.o(.ARM.Collect$$$$00000000) refers (Special) to entry5.o(.ARM.Collect$$$$00000004) for _main_scatterload
    entry.o(.ARM.Collect$$$$00000000) refers (Special) to entry2.o(.ARM.Collect$$$$00000001) for _main_stk
    entry2.o(.ARM.Collect$$$$00000001) refers to entry2.o(.ARM.Collect$$$$00002712) for __lit__00000000
    entry2.o(.ARM.Collect$$$$00002712) refers to startup_tm4c123.o(STACK) for __initial_sp
    entry2.o(__vectab_stack_and_reset_area) refers to startup_tm4c123.o(STACK) for __initial_sp
    entry2.o(__vectab_stack_and_reset_area) refers to entry.o(.ARM.Collect$$$$00000000) for __main
    entry5.o(.ARM.Collect$$$$00000004) refers to init.o(.text) for __scatterload
    entry9a.o(.ARM.Collect$$$$0000000B) refers to main.o(.text) for main
    entry9b.o(.ARM.Collect$$$$0000000C) refers to main.o(.text) for main
    init.o(.text) refers to entry5.o(.ARM.Collect$$$$00000004) for __main_after_scatterload


==============================================================================

Removing Unused input sections from the image.

    Removing startup_tm4c123.o(HEAP), (0 bytes).

1 unused section(s) (total 0 bytes) removed from the image.

==============================================================================

Image Symbol Table

    Local Symbols

    Symbol Name                              Value     Ov Type        Size  Object(Section)

    RESET                                    0x00000000   Section      620  startup_tm4c123.o(RESET)
    ../clib/../cmprslib/zerorunl.c           0x00000000   Number         0  __dczerorl.o ABSOLUTE
    ../clib/microlib/init/entry.s            0x00000000   Number         0  entry.o ABSOLUTE
    ../clib/microlib/init/entry.s            0x00000000   Number         0  entry10b.o ABSOLUTE
    ../clib/microlib/init/entry.s            0x00000000   Number         0  entry8b.o ABSOLUTE
    ../clib/microlib/init/entry.s            0x00000000   Number         0  entry8a.o ABSOLUTE
    ../clib/microlib/init/entry.s            0x00000000   Number         0  entry11a.o ABSOLUTE
    ../clib/microlib/init/entry.s            0x00000000   Number         0  entry7b.o ABSOLUTE
    ../clib/microlib/init/entry.s            0x00000000   Number         0  entry11b.o ABSOLUTE
    ../clib/microlib/init/entry.s            0x00000000   Number         0  entry10a.o ABSOLUTE
    ../clib/microlib/init/entry.s            0x00000000   Number         0  entry9b.o ABSOLUTE
    ../clib/microlib/init/entry.s            0x00000000   Number         0  entry7a.o ABSOLUTE
    ../clib/microlib/init/entry.s            0x00000000   Number         0  entry9a.o ABSOLUTE
    ../clib/microlib/init/entry.s            0x00000000   Number         0  entry5.o ABSOLUTE
    ../clib/microlib/init/entry.s            0x00000000   Number         0  entry2.o ABSOLUTE
    C:\\ti\\TivaWare_C_Series-2.2.0.295\\driverlib\\cpu.c 0x00000000   Number         0  cpu.o ABSOLUTE
    C:\ti\TivaWare_C_Series-2.2.0.295\driverlib\cpu.c 0x00000000   Number         0  cpu.o ABSOLUTE
    C:\ti\TivaWare_C_Series-2.2.0.295\driverlib\interrupt.c 0x00000000   Number         0  interrupt.o ABSOLUTE
    dc.s                                     0x00000000   Number         0  dc.o ABSOLUTE
    gpio.c                                   0x00000000   Number         0  gpio.o ABSOLUTE
    handlers.s                               0x00000000   Number         0  handlers.o ABSOLUTE
    init.s                                   0x00000000   Number         0  init.o ABSOLUTE
    main.c                                   0x00000000   Number         0  main.o ABSOLUTE
    startup_TM4C123.s                        0x00000000   Number         0  startup_tm4c123.o ABSOLUTE
    sysctl.c                                 0x00000000   Number         0  sysctl.o ABSOLUTE
    sysctl.c                                 0x00000000   Number         0  sysctl.o ABSOLUTE
    .ARM.Collect$$$$00000000                 0x0000026c   Section        0  entry.o(.ARM.Collect$$$$00000000)
    .ARM.Collect$$$$00000001                 0x0000026c   Section        4  entry2.o(.ARM.Collect$$$$00000001)
    .ARM.Collect$$$$00000004                 0x00000270   Section        4  entry5.o(.ARM.Collect$$$$00000004)
    .ARM.Collect$$$$00000008                 0x00000274   Section        0  entry7b.o(.ARM.Collect$$$$00000008)
    .ARM.Collect$$$$0000000A                 0x00000274   Section        0  entry8b.o(.ARM.Collect$$$$0000000A)
    .ARM.Collect$$$$0000000B                 0x00000274   Section        8  entry9a.o(.ARM.Collect$$$$0000000B)
    .ARM.Collect$$$$0000000D                 0x0000027c   Section        0  entry10a.o(.ARM.Collect$$$$0000000D)
    .ARM.Collect$$$$0000000F                 0x0000027c   Section        0  entry11a.o(.ARM.Collect$$$$0000000F)
    .ARM.Collect$$$$00002712                 0x0000027c   Section        4  entry2.o(.ARM.Collect$$$$00002712)
    __lit__00000000                          0x0000027c   Data           4  entry2.o(.ARM.Collect$$$$00002712)
    .emb_text                                0x00000280   Section        6  sysctl.o(.emb_text)
    .emb_text                                0x00000288   Section       38  cpu.o(.emb_text)
    .text                                    0x000002b0   Section      244  startup_tm4c123.o(.text)
    .text                                    0x000003a4   Section        0  main.o(.text)
    .text                                    0x00000414   Section        0  gpio.o(.text)
    _GPIOIntNumberGet                        0x00000415   Thumb Code    56  gpio.o(.text)
    .text                                    0x00000d08   Section        0  sysctl.o(.text)
    _SysCtlMemTimingGet                      0x00000d09   Thumb Code    36  sysctl.o(.text)
    _SysCtlFrequencyGet                      0x00000d2d   Thumb Code    96  sysctl.o(.text)
    .text                                    0x00001904   Section        0  interrupt.o(.text)
    _IntDefaultHandler                       0x00001905   Thumb Code     4  interrupt.o(.text)
    .text                                    0x00001c34   Section       36  init.o(.text)
    .text                                    0x00001c58   Section        0  __dczerorl.o(.text)
    i.__scatterload_copy                     0x00001c92   Section       14  handlers.o(i.__scatterload_copy)
    i.__scatterload_null                     0x00001ca0   Section        2  handlers.o(i.__scatterload_null)
    i.__scatterload_zeroinit                 0x00001ca2   Section       14  handlers.o(i.__scatterload_zeroinit)
    .constdata                               0x00001cb0   Section      552  gpio.o(.constdata)
    g_ppui32GPIOIntMapBlizzard               0x00001cb0   Data         192  gpio.o(.constdata)
    g_ppui32GPIOIntMapSnowflake              0x00001d70   Data         216  gpio.o(.constdata)
    g_pui32GPIOBaseAddrs                     0x00001e48   Data         144  gpio.o(.constdata)
    .constdata                               0x00001ed8   Section      596  sysctl.o(.constdata)
    g_pui32Xtals                             0x00001ed8   Data         108  sysctl.o(.constdata)
    g_pppui32XTALtoVCO                       0x00001f44   Data         432  sysctl.o(.constdata)
    g_sXTALtoMEMTIM                          0x000020f4   Data          48  sysctl.o(.constdata)
    g_pui32VCOFrequencies                    0x00002124   Data           8  sysctl.o(.constdata)
    .constdata                               0x0000212c   Section      268  interrupt.o(.constdata)
    g_pui32Priority                          0x0000212c   Data          32  interrupt.o(.constdata)
    g_pui32Regs                              0x0000214c   Data         156  interrupt.o(.constdata)
    g_pui32EnRegs                            0x000021e8   Data          20  interrupt.o(.constdata)
    g_pui32Dii16Regs                         0x000021fc   Data          20  interrupt.o(.constdata)
    g_pui32PendRegs                          0x00002210   Data          20  interrupt.o(.constdata)
    g_pui32UnpendRegs                        0x00002224   Data          20  interrupt.o(.constdata)
    vtable                                   0x20000000   Section      620  interrupt.o(vtable)
    g_pfnRAMVectors                          0x20000000   Data         620  interrupt.o(vtable)
    STACK                                    0x20000270   Section      512  startup_tm4c123.o(STACK)

    Global Symbols

    Symbol Name                              Value     Ov Type        Size  Object(Section)

    BuildAttributes$$THM_ISAv4$E$P$D$K$B$S$7EM$PE$A:L22UL41UL21$X:L11$S22US41US21$IEEE1$IW$USESV6$~STKCKD$USESV7$~SHL$OSPACE$EBA8$MICROLIB$REQ8$PRES8$EABIv2 0x00000000   Number         0  anon$$obj.o ABSOLUTE
    __ARM_use_no_argv                        0x00000000   Number         0  main.o ABSOLUTE
    __Vectors                                0x00000000   Data           4  startup_tm4c123.o(RESET)
    __cpp_initialize__aeabi_                  - Undefined Weak Reference
    __cxa_finalize                            - Undefined Weak Reference
    _clock_init                               - Undefined Weak Reference
    _microlib_exit                            - Undefined Weak Reference
    __Vectors_End                            0x0000026c   Data           0  startup_tm4c123.o(RESET)
    __Vectors_Size                           0x0000026c   Number         0  startup_tm4c123.o ABSOLUTE
    __main                                   0x0000026d   Thumb Code     0  entry.o(.ARM.Collect$$$$00000000)
    _main_stk                                0x0000026d   Thumb Code     0  entry2.o(.ARM.Collect$$$$00000001)
    _main_scatterload                        0x00000271   Thumb Code     0  entry5.o(.ARM.Collect$$$$00000004)
    __main_after_scatterload                 0x00000275   Thumb Code     0  entry5.o(.ARM.Collect$$$$00000004)
    _main_clock                              0x00000275   Thumb Code     0  entry7b.o(.ARM.Collect$$$$00000008)
    _main_cpp_init                           0x00000275   Thumb Code     0  entry8b.o(.ARM.Collect$$$$0000000A)
    _main_init                               0x00000275   Thumb Code     0  entry9a.o(.ARM.Collect$$$$0000000B)
    __rt_final_cpp                           0x0000027d   Thumb Code     0  entry10a.o(.ARM.Collect$$$$0000000D)
    __rt_final_exit                          0x0000027d   Thumb Code     0  entry11a.o(.ARM.Collect$$$$0000000F)
    SysCtlDelay                              0x00000281   Thumb Code     6  sysctl.o(.emb_text)
    CPUcpsid                                 0x00000289   Thumb Code     8  cpu.o(.emb_text)
    CPUprimask                               0x00000291   Thumb Code     6  cpu.o(.emb_text)
    CPUcpsie                                 0x00000297   Thumb Code     8  cpu.o(.emb_text)
    CPUwfi                                   0x0000029f   Thumb Code     4  cpu.o(.emb_text)
    CPUbasepriSet                            0x000002a3   Thumb Code     6  cpu.o(.emb_text)
    CPUbasepriGet                            0x000002a9   Thumb Code     6  cpu.o(.emb_text)
    Reset_Handler                            0x000002b1   Thumb Code     4  startup_tm4c123.o(.text)
    NMI_Handler                              0x000002b5   Thumb Code     2  startup_tm4c123.o(.text)
    HardFault_Handler                        0x000002b7   Thumb Code     2  startup_tm4c123.o(.text)
    MemManage_Handler                        0x000002b9   Thumb Code     2  startup_tm4c123.o(.text)
    BusFault_Handler                         0x000002bb   Thumb Code     2  startup_tm4c123.o(.text)
    UsageFault_Handler                       0x000002bd   Thumb Code     2  startup_tm4c123.o(.text)
    SVC_Handler                              0x000002bf   Thumb Code     2  startup_tm4c123.o(.text)
    DebugMon_Handler                         0x000002c1   Thumb Code     2  startup_tm4c123.o(.text)
    PendSV_Handler                           0x000002c3   Thumb Code     2  startup_tm4c123.o(.text)
    SysTick_Handler                          0x000002c5   Thumb Code     2  startup_tm4c123.o(.text)
    GPIOA_Handler                            0x000002c7   Thumb Code     2  startup_tm4c123.o(.text)
    GPIOB_Handler                            0x000002c9   Thumb Code     2  startup_tm4c123.o(.text)
    GPIOC_Handler                            0x000002cb   Thumb Code     2  startup_tm4c123.o(.text)
    GPIOD_Handler                            0x000002cd   Thumb Code     2  startup_tm4c123.o(.text)
    GPIOE_Handler                            0x000002cf   Thumb Code     2  startup_tm4c123.o(.text)
    UART0_Handler                            0x000002d1   Thumb Code     2  startup_tm4c123.o(.text)
    UART1_Handler                            0x000002d3   Thumb Code     2  startup_tm4c123.o(.text)
    SSI0_Handler                             0x000002d5   Thumb Code     2  startup_tm4c123.o(.text)
    I2C0_Handler                             0x000002d7   Thumb Code     2  startup_tm4c123.o(.text)
    PMW0_FAULT_Handler                       0x000002d9   Thumb Code     2  startup_tm4c123.o(.text)
    PWM0_0_Handler                           0x000002db   Thumb Code     2  startup_tm4c123.o(.text)
    PWM0_1_Handler                           0x000002dd   Thumb Code     2  startup_tm4c123.o(.text)
    PWM0_2_Handler                           0x000002df   Thumb Code     2  startup_tm4c123.o(.text)
    QEI0_Handler                             0x000002e1   Thumb Code     2  startup_tm4c123.o(.text)
    ADC0SS0_Handler                          0x000002e3   Thumb Code     2  startup_tm4c123.o(.text)
    ADC0SS1_Handler                          0x000002e5   Thumb Code     2  startup_tm4c123.o(.text)
    ADC0SS2_Handler                          0x000002e7   Thumb Code     2  startup_tm4c123.o(.text)
    ADC0SS3_Handler                          0x000002e9   Thumb Code     2  startup_tm4c123.o(.text)
    WDT0_Handler                             0x000002eb   Thumb Code     2  startup_tm4c123.o(.text)
    TIMER0A_Handler                          0x000002ed   Thumb Code     2  startup_tm4c123.o(.text)
    TIMER0B_Handler                          0x000002ef   Thumb Code     2  startup_tm4c123.o(.text)
    TIMER1A_Handler                          0x000002f1   Thumb Code     2  startup_tm4c123.o(.text)
    TIMER1B_Handler                          0x000002f3   Thumb Code     2  startup_tm4c123.o(.text)
    TIMER2A_Handler                          0x000002f5   Thumb Code     2  startup_tm4c123.o(.text)
    TIMER2B_Handler                          0x000002f7   Thumb Code     2  startup_tm4c123.o(.text)
    COMP0_Handler                            0x000002f9   Thumb Code     2  startup_tm4c123.o(.text)
    COMP1_Handler                            0x000002fb   Thumb Code     2  startup_tm4c123.o(.text)
    COMP2_Handler                            0x000002fd   Thumb Code     2  startup_tm4c123.o(.text)
    SYSCTL_Handler                           0x000002ff   Thumb Code     2  startup_tm4c123.o(.text)
    FLASH_Handler                            0x00000301   Thumb Code     2  startup_tm4c123.o(.text)
    GPIOF_Handler                            0x00000303   Thumb Code     2  startup_tm4c123.o(.text)
    GPIOG_Handler                            0x00000305   Thumb Code     2  startup_tm4c123.o(.text)
    GPIOH_Handler                            0x00000307   Thumb Code     2  startup_tm4c123.o(.text)
    UART2_Handler                            0x00000309   Thumb Code     2  startup_tm4c123.o(.text)
    SSI1_Handler                             0x0000030b   Thumb Code     2  startup_tm4c123.o(.text)
    TIMER3A_Handler                          0x0000030d   Thumb Code     2  startup_tm4c123.o(.text)
    TIMER3B_Handler                          0x0000030f   Thumb Code     2  startup_tm4c123.o(.text)
    I2C1_Handler                             0x00000311   Thumb Code     2  startup_tm4c123.o(.text)
    QEI1_Handler                             0x00000313   Thumb Code     2  startup_tm4c123.o(.text)
    CAN0_Handler                             0x00000315   Thumb Code     2  startup_tm4c123.o(.text)
    CAN1_Handler                             0x00000317   Thumb Code     2  startup_tm4c123.o(.text)
    CAN2_Handler                             0x00000319   Thumb Code     2  startup_tm4c123.o(.text)
    HIB_Handler                              0x0000031b   Thumb Code     2  startup_tm4c123.o(.text)
    USB0_Handler                             0x0000031d   Thumb Code     2  startup_tm4c123.o(.text)
    PWM0_3_Handler                           0x0000031f   Thumb Code     2  startup_tm4c123.o(.text)
    UDMA_Handler                             0x00000321   Thumb Code     2  startup_tm4c123.o(.text)
    UDMAERR_Handler                          0x00000323   Thumb Code     2  startup_tm4c123.o(.text)
    ADC1SS0_Handler                          0x00000325   Thumb Code     2  startup_tm4c123.o(.text)
    ADC1SS1_Handler                          0x00000327   Thumb Code     2  startup_tm4c123.o(.text)
    ADC1SS2_Handler                          0x00000329   Thumb Code     2  startup_tm4c123.o(.text)
    ADC1SS3_Handler                          0x0000032b   Thumb Code     2  startup_tm4c123.o(.text)
    GPIOJ_Handler                            0x0000032d   Thumb Code     2  startup_tm4c123.o(.text)
    GPIOK_Handler                            0x0000032f   Thumb Code     2  startup_tm4c123.o(.text)
    GPIOL_Handler                            0x00000331   Thumb Code     2  startup_tm4c123.o(.text)
    SSI2_Handler                             0x00000333   Thumb Code     2  startup_tm4c123.o(.text)
    SSI3_Handler                             0x00000335   Thumb Code     2  startup_tm4c123.o(.text)
    UART3_Handler                            0x00000337   Thumb Code     2  startup_tm4c123.o(.text)
    UART4_Handler                            0x00000339   Thumb Code     2  startup_tm4c123.o(.text)
    UART5_Handler                            0x0000033b   Thumb Code     2  startup_tm4c123.o(.text)
    UART6_Handler                            0x0000033d   Thumb Code     2  startup_tm4c123.o(.text)
    UART7_Handler                            0x0000033f   Thumb Code     2  startup_tm4c123.o(.text)
    I2C2_Handler                             0x00000341   Thumb Code     2  startup_tm4c123.o(.text)
    I2C3_Handler                             0x00000343   Thumb Code     2  startup_tm4c123.o(.text)
    TIMER4A_Handler                          0x00000345   Thumb Code     2  startup_tm4c123.o(.text)
    TIMER4B_Handler                          0x00000347   Thumb Code     2  startup_tm4c123.o(.text)
    TIMER5A_Handler                          0x00000349   Thumb Code     2  startup_tm4c123.o(.text)
    TIMER5B_Handler                          0x0000034b   Thumb Code     2  startup_tm4c123.o(.text)
    WTIMER0A_Handler                         0x0000034d   Thumb Code     2  startup_tm4c123.o(.text)
    WTIMER0B_Handler                         0x0000034f   Thumb Code     2  startup_tm4c123.o(.text)
    WTIMER1A_Handler                         0x00000351   Thumb Code     2  startup_tm4c123.o(.text)
    WTIMER1B_Handler                         0x00000353   Thumb Code     2  startup_tm4c123.o(.text)
    WTIMER2A_Handler                         0x00000355   Thumb Code     2  startup_tm4c123.o(.text)
    WTIMER2B_Handler                         0x00000357   Thumb Code     2  startup_tm4c123.o(.text)
    WTIMER3A_Handler                         0x00000359   Thumb Code     2  startup_tm4c123.o(.text)
    WTIMER3B_Handler                         0x0000035b   Thumb Code     2  startup_tm4c123.o(.text)
    WTIMER4A_Handler                         0x0000035d   Thumb Code     2  startup_tm4c123.o(.text)
    WTIMER4B_Handler                         0x0000035f   Thumb Code     2  startup_tm4c123.o(.text)
    WTIMER5A_Handler                         0x00000361   Thumb Code     2  startup_tm4c123.o(.text)
    WTIMER5B_Handler                         0x00000363   Thumb Code     2  startup_tm4c123.o(.text)
    FPU_Handler                              0x00000365   Thumb Code     2  startup_tm4c123.o(.text)
    I2C4_Handler                             0x00000367   Thumb Code     2  startup_tm4c123.o(.text)
    I2C5_Handler                             0x00000369   Thumb Code     2  startup_tm4c123.o(.text)
    GPIOM_Handler                            0x0000036b   Thumb Code     2  startup_tm4c123.o(.text)
    GPION_Handler                            0x0000036d   Thumb Code     2  startup_tm4c123.o(.text)
    QEI2_Handler                             0x0000036f   Thumb Code     2  startup_tm4c123.o(.text)
    GPIOP0_Handler                           0x00000371   Thumb Code     2  startup_tm4c123.o(.text)
    GPIOP1_Handler                           0x00000373   Thumb Code     2  startup_tm4c123.o(.text)
    GPIOP2_Handler                           0x00000375   Thumb Code     2  startup_tm4c123.o(.text)
    GPIOP3_Handler                           0x00000377   Thumb Code     2  startup_tm4c123.o(.text)
    GPIOP4_Handler                           0x00000379   Thumb Code     2  startup_tm4c123.o(.text)
    GPIOP5_Handler                           0x0000037b   Thumb Code     2  startup_tm4c123.o(.text)
    GPIOP6_Handler                           0x0000037d   Thumb Code     2  startup_tm4c123.o(.text)
    GPIOP7_Handler                           0x0000037f   Thumb Code     2  startup_tm4c123.o(.text)
    GPIOQ0_Handler                           0x00000381   Thumb Code     2  startup_tm4c123.o(.text)
    GPIOQ1_Handler                           0x00000383   Thumb Code     2  startup_tm4c123.o(.text)
    GPIOQ2_Handler                           0x00000385   Thumb Code     2  startup_tm4c123.o(.text)
    GPIOQ3_Handler                           0x00000387   Thumb Code     2  startup_tm4c123.o(.text)
    GPIOQ4_Handler                           0x00000389   Thumb Code     2  startup_tm4c123.o(.text)
    GPIOQ5_Handler                           0x0000038b   Thumb Code     2  startup_tm4c123.o(.text)
    GPIOQ6_Handler                           0x0000038d   Thumb Code     2  startup_tm4c123.o(.text)
    GPIOQ7_Handler                           0x0000038f   Thumb Code     2  startup_tm4c123.o(.text)
    GPIOR_Handler                            0x00000391   Thumb Code     2  startup_tm4c123.o(.text)
    GPIOS_Handler                            0x00000393   Thumb Code     2  startup_tm4c123.o(.text)
    PMW1_0_Handler                           0x00000395   Thumb Code     2  startup_tm4c123.o(.text)
    PWM1_1_Handler                           0x00000397   Thumb Code     2  startup_tm4c123.o(.text)
    PWM1_2_Handler                           0x00000399   Thumb Code     2  startup_tm4c123.o(.text)
    PWM1_3_Handler                           0x0000039b   Thumb Code     2  startup_tm4c123.o(.text)
    PWM1_FAULT_Handler                       0x0000039d   Thumb Code     2  startup_tm4c123.o(.text)
    delay                                    0x000003a5   Thumb Code    20  main.o(.text)
    main                                     0x000003b9   Thumb Code    78  main.o(.text)
    GPIODirModeSet                           0x0000044d   Thumb Code    64  gpio.o(.text)
    GPIODirModeGet                           0x0000048d   Thumb Code    46  gpio.o(.text)
    GPIOIntTypeSet                           0x000004bb   Thumb Code   126  gpio.o(.text)
    GPIOIntTypeGet                           0x00000539   Thumb Code    84  gpio.o(.text)
    GPIOPadConfigSet                         0x0000058d   Thumb Code   452  gpio.o(.text)
    GPIOPadConfigGet                         0x00000751   Thumb Code   280  gpio.o(.text)
    GPIOIntEnable                            0x00000869   Thumb Code    16  gpio.o(.text)
    GPIOIntDisable                           0x00000879   Thumb Code    16  gpio.o(.text)
    GPIOIntStatus                            0x00000889   Thumb Code    20  gpio.o(.text)
    GPIOIntClear                             0x0000089d   Thumb Code     8  gpio.o(.text)
    GPIOIntRegister                          0x000008a5   Thumb Code    30  gpio.o(.text)
    GPIOIntUnregister                        0x000008c3   Thumb Code    26  gpio.o(.text)
    GPIOIntRegisterPin                       0x000008dd   Thumb Code    36  gpio.o(.text)
    GPIOIntUnregisterPin                     0x00000901   Thumb Code    28  gpio.o(.text)
    GPIOPinRead                              0x0000091d   Thumb Code    12  gpio.o(.text)
    GPIOPinWrite                             0x00000929   Thumb Code    10  gpio.o(.text)
    GPIOPinTypeADC                           0x00000933   Thumb Code    30  gpio.o(.text)
    GPIOPinTypeCAN                           0x00000951   Thumb Code    30  gpio.o(.text)
    GPIOPinTypeComparator                    0x0000096f   Thumb Code    30  gpio.o(.text)
    GPIOPinTypeComparatorOutput              0x0000098d   Thumb Code    30  gpio.o(.text)
    GPIOPinTypeDIVSCLK                       0x000009ab   Thumb Code    30  gpio.o(.text)
    GPIOPinTypeEPI                           0x000009c9   Thumb Code    30  gpio.o(.text)
    GPIOPinTypeEthernetLED                   0x000009e7   Thumb Code    30  gpio.o(.text)
    GPIOPinTypeEthernetMII                   0x00000a05   Thumb Code    30  gpio.o(.text)
    GPIOPinTypeGPIOInput                     0x00000a23   Thumb Code    30  gpio.o(.text)
    GPIOPinTypeGPIOOutput                    0x00000a41   Thumb Code    30  gpio.o(.text)
    GPIOPinTypeGPIOOutputOD                  0x00000a5f   Thumb Code    30  gpio.o(.text)
    GPIOPinTypeHibernateRTCCLK               0x00000a7d   Thumb Code    30  gpio.o(.text)
    GPIOPinTypeI2C                           0x00000a9b   Thumb Code    30  gpio.o(.text)
    GPIOPinTypeI2CSCL                        0x00000ab9   Thumb Code    30  gpio.o(.text)
    GPIOPinTypeLCD                           0x00000ad7   Thumb Code    30  gpio.o(.text)
    GPIOPinTypeOneWire                       0x00000af5   Thumb Code    30  gpio.o(.text)
    GPIOPinTypePWM                           0x00000b13   Thumb Code    30  gpio.o(.text)
    GPIOPinTypeQEI                           0x00000b31   Thumb Code    30  gpio.o(.text)
    GPIOPinTypeSSI                           0x00000b4f   Thumb Code    30  gpio.o(.text)
    GPIOPinTypeTimer                         0x00000b6d   Thumb Code    30  gpio.o(.text)
    GPIOPinTypeTrace                         0x00000b8b   Thumb Code    30  gpio.o(.text)
    GPIOPinTypeUART                          0x00000ba9   Thumb Code    30  gpio.o(.text)
    GPIOPinTypeUSBAnalog                     0x00000bc7   Thumb Code    30  gpio.o(.text)
    GPIOPinTypeUSBDigital                    0x00000be5   Thumb Code    30  gpio.o(.text)
    GPIOPinTypeWakeHigh                      0x00000c03   Thumb Code    46  gpio.o(.text)
    GPIOPinTypeWakeLow                       0x00000c31   Thumb Code    32  gpio.o(.text)
    GPIOPinWakeStatus                        0x00000c51   Thumb Code    10  gpio.o(.text)
    GPIOPinConfigure                         0x00000c5b   Thumb Code    74  gpio.o(.text)
    GPIODMATriggerEnable                     0x00000ca5   Thumb Code    16  gpio.o(.text)
    GPIODMATriggerDisable                    0x00000cb5   Thumb Code    16  gpio.o(.text)
    GPIOADCTriggerEnable                     0x00000cc5   Thumb Code    16  gpio.o(.text)
    GPIOADCTriggerDisable                    0x00000cd5   Thumb Code    16  gpio.o(.text)
    GPIOUnlockPin                            0x00000ce5   Thumb Code    22  gpio.o(.text)
    SysCtlSRAMSizeGet                        0x00000d8d   Thumb Code    12  sysctl.o(.text)
    SysCtlFlashSizeGet                       0x00000d99   Thumb Code    42  sysctl.o(.text)
    SysCtlFlashSectorSizeGet                 0x00000dc3   Thumb Code    40  sysctl.o(.text)
    SysCtlPeripheralPresent                  0x00000deb   Thumb Code    52  sysctl.o(.text)
    SysCtlPeripheralReady                    0x00000e1f   Thumb Code    52  sysctl.o(.text)
    SysCtlPeripheralPowerOn                  0x00000e53   Thumb Code    46  sysctl.o(.text)
    SysCtlPeripheralPowerOff                 0x00000e81   Thumb Code    46  sysctl.o(.text)
    SysCtlPeripheralReset                    0x00000eaf   Thumb Code   106  sysctl.o(.text)
    SysCtlPeripheralEnable                   0x00000f19   Thumb Code    46  sysctl.o(.text)
    SysCtlPeripheralDisable                  0x00000f47   Thumb Code    46  sysctl.o(.text)
    SysCtlPeripheralSleepEnable              0x00000f75   Thumb Code    46  sysctl.o(.text)
    SysCtlPeripheralSleepDisable             0x00000fa3   Thumb Code    46  sysctl.o(.text)
    SysCtlPeripheralDeepSleepEnable          0x00000fd1   Thumb Code    46  sysctl.o(.text)
    SysCtlPeripheralDeepSleepDisable         0x00000fff   Thumb Code    46  sysctl.o(.text)
    SysCtlPeripheralClockGating              0x0000102d   Thumb Code    78  sysctl.o(.text)
    SysCtlIntRegister                        0x0000107b   Thumb Code    20  sysctl.o(.text)
    SysCtlIntUnregister                      0x0000108f   Thumb Code    16  sysctl.o(.text)
    SysCtlIntEnable                          0x0000109f   Thumb Code    12  sysctl.o(.text)
    SysCtlIntDisable                         0x000010ab   Thumb Code    12  sysctl.o(.text)
    SysCtlIntClear                           0x000010b7   Thumb Code     6  sysctl.o(.text)
    SysCtlIntStatus                          0x000010bd   Thumb Code    16  sysctl.o(.text)
    SysCtlLDOSleepSet                        0x000010cd   Thumb Code     6  sysctl.o(.text)
    SysCtlLDOSleepGet                        0x000010d3   Thumb Code     6  sysctl.o(.text)
    SysCtlLDODeepSleepSet                    0x000010d9   Thumb Code     6  sysctl.o(.text)
    SysCtlLDODeepSleepGet                    0x000010df   Thumb Code     6  sysctl.o(.text)
    SysCtlSleepPowerSet                      0x000010e5   Thumb Code    72  sysctl.o(.text)
    SysCtlDeepSleepPowerSet                  0x0000112d   Thumb Code     6  sysctl.o(.text)
    SysCtlReset                              0x00001133   Thumb Code    10  sysctl.o(.text)
    SysCtlSleep                              0x0000113d   Thumb Code     8  sysctl.o(.text)
    SysCtlDeepSleep                          0x00001145   Thumb Code    40  sysctl.o(.text)
    SysCtlResetCauseGet                      0x0000116d   Thumb Code     6  sysctl.o(.text)
    SysCtlResetCauseClear                    0x00001173   Thumb Code    12  sysctl.o(.text)
    SysCtlMOSCConfigSet                      0x0000117f   Thumb Code     6  sysctl.o(.text)
    SysCtlPIOSCCalibrate                     0x00001185   Thumb Code    72  sysctl.o(.text)
    SysCtlResetBehaviorSet                   0x000011cd   Thumb Code     6  sysctl.o(.text)
    SysCtlResetBehaviorGet                   0x000011d3   Thumb Code     6  sysctl.o(.text)
    SysCtlClockFreqSet                       0x000011d9   Thumb Code   644  sysctl.o(.text)
    SysCtlClockSet                           0x0000145d   Thumb Code   378  sysctl.o(.text)
    SysCtlClockGet                           0x000015d7   Thumb Code   332  sysctl.o(.text)
    SysCtlDeepSleepClockSet                  0x00001723   Thumb Code     6  sysctl.o(.text)
    SysCtlDeepSleepClockConfigSet            0x00001729   Thumb Code   106  sysctl.o(.text)
    SysCtlPWMClockSet                        0x00001793   Thumb Code    16  sysctl.o(.text)
    SysCtlPWMClockGet                        0x000017a3   Thumb Code    24  sysctl.o(.text)
    SysCtlGPIOAHBEnable                      0x000017bb   Thumb Code    20  sysctl.o(.text)
    SysCtlGPIOAHBDisable                     0x000017cf   Thumb Code    20  sysctl.o(.text)
    SysCtlUSBPLLEnable                       0x000017e3   Thumb Code    14  sysctl.o(.text)
    SysCtlUSBPLLDisable                      0x000017f1   Thumb Code    14  sysctl.o(.text)
    SysCtlVoltageEventConfig                 0x000017ff   Thumb Code     6  sysctl.o(.text)
    SysCtlVoltageEventStatus                 0x00001805   Thumb Code     6  sysctl.o(.text)
    SysCtlVoltageEventClear                  0x0000180b   Thumb Code    12  sysctl.o(.text)
    SysCtlVCOGet                             0x00001817   Thumb Code   128  sysctl.o(.text)
    SysCtlNMIStatus                          0x00001897   Thumb Code     6  sysctl.o(.text)
    SysCtlNMIClear                           0x0000189d   Thumb Code    12  sysctl.o(.text)
    SysCtlClockOutConfig                     0x000018a9   Thumb Code    12  sysctl.o(.text)
    SysCtlAltClkConfig                       0x000018b5   Thumb Code     6  sysctl.o(.text)
    IntMasterEnable                          0x00001909   Thumb Code    16  interrupt.o(.text)
    IntMasterDisable                         0x00001919   Thumb Code    16  interrupt.o(.text)
    IntRegister                              0x00001929   Thumb Code    52  interrupt.o(.text)
    IntUnregister                            0x0000195d   Thumb Code    10  interrupt.o(.text)
    IntPriorityGroupingSet                   0x00001967   Thumb Code    18  interrupt.o(.text)
    IntPriorityGroupingGet                   0x00001979   Thumb Code    36  interrupt.o(.text)
    IntPrioritySet                           0x0000199d   Thumb Code    46  interrupt.o(.text)
    IntPriorityGet                           0x000019cb   Thumb Code    22  interrupt.o(.text)
    IntEnable                                0x000019e1   Thumb Code   120  interrupt.o(.text)
    IntDisable                               0x00001a59   Thumb Code   120  interrupt.o(.text)
    IntIsEnabled                             0x00001ad1   Thumb Code   106  interrupt.o(.text)
    IntPendSet                               0x00001b3b   Thumb Code    98  interrupt.o(.text)
    IntPendClear                             0x00001b9d   Thumb Code    76  interrupt.o(.text)
    IntPriorityMaskSet                       0x00001be9   Thumb Code    12  interrupt.o(.text)
    IntPriorityMaskGet                       0x00001bf5   Thumb Code     8  interrupt.o(.text)
    IntTrigger                               0x00001bfd   Thumb Code    10  interrupt.o(.text)
    __scatterload                            0x00001c35   Thumb Code    28  init.o(.text)
    __scatterload_rt2                        0x00001c35   Thumb Code     0  init.o(.text)
    __decompress                             0x00001c59   Thumb Code     0  __dczerorl.o(.text)
    __decompress0                            0x00001c59   Thumb Code    58  __dczerorl.o(.text)
    __scatterload_copy                       0x00001c93   Thumb Code    14  handlers.o(i.__scatterload_copy)
    __scatterload_null                       0x00001ca1   Thumb Code     2  handlers.o(i.__scatterload_null)
    __scatterload_zeroinit                   0x00001ca3   Thumb Code    14  handlers.o(i.__scatterload_zeroinit)
    Region$$Table$$Base                      0x00002238   Number         0  anon$$obj.o(Region$$Table)
    Region$$Table$$Limit                     0x00002258   Number         0  anon$$obj.o(Region$$Table)
    __initial_sp                             0x20000470   Data           0  startup_tm4c123.o(STACK)



==============================================================================

Memory Map of the image

  Image Entry point : 0x000002b1

  Load Region LR_1 (Base: 0x00000000, Size: 0x000024c4, Max: 0xffffffff, ABSOLUTE, COMPRESSED[0x00002260])

    Execution Region ER_RO (Base: 0x00000000, Size: 0x00002258, Max: 0xffffffff, ABSOLUTE)

    Base Addr    Size         Type   Attr      Idx    E Section Name        Object

    0x00000000   0x0000026c   Data   RO            3    RESET               startup_tm4c123.o
    0x0000026c   0x00000000   Code   RO          122  * .ARM.Collect$$$$00000000  mc_w.l(entry.o)
    0x0000026c   0x00000004   Code   RO          125    .ARM.Collect$$$$00000001  mc_w.l(entry2.o)
    0x00000270   0x00000004   Code   RO          128    .ARM.Collect$$$$00000004  mc_w.l(entry5.o)
    0x00000274   0x00000000   Code   RO          130    .ARM.Collect$$$$00000008  mc_w.l(entry7b.o)
    0x00000274   0x00000000   Code   RO          132    .ARM.Collect$$$$0000000A  mc_w.l(entry8b.o)
    0x00000274   0x00000008   Code   RO          133    .ARM.Collect$$$$0000000B  mc_w.l(entry9a.o)
    0x0000027c   0x00000000   Code   RO          135    .ARM.Collect$$$$0000000D  mc_w.l(entry10a.o)
    0x0000027c   0x00000000   Code   RO          137    .ARM.Collect$$$$0000000F  mc_w.l(entry11a.o)
    0x0000027c   0x00000004   Code   RO          126    .ARM.Collect$$$$00002712  mc_w.l(entry2.o)
    0x00000280   0x00000006   Code   RO           70    .emb_text           sysctl.o
    0x00000286   0x00000002   PAD
    0x00000288   0x00000026   Code   RO          112    .emb_text           cpu.o
    0x000002ae   0x00000002   PAD
    0x000002b0   0x000000f4   Code   RO            4  * .text               startup_tm4c123.o
    0x000003a4   0x00000070   Code   RO           10    .text               main.o
    0x00000414   0x000008f4   Code   RO           38    .text               gpio.o
    0x00000d08   0x00000bfc   Code   RO           71    .text               sysctl.o
    0x00001904   0x00000330   Code   RO           97    .text               interrupt.o
    0x00001c34   0x00000024   Code   RO          139    .text               mc_w.l(init.o)
    0x00001c58   0x0000003a   Code   RO          149    .text               mc_w.l(__dczerorl.o)
    0x00001c92   0x0000000e   Code   RO          143    i.__scatterload_copy  mc_w.l(handlers.o)
    0x00001ca0   0x00000002   Code   RO          144    i.__scatterload_null  mc_w.l(handlers.o)
    0x00001ca2   0x0000000e   Code   RO          145    i.__scatterload_zeroinit  mc_w.l(handlers.o)
    0x00001cb0   0x00000228   Data   RO           39    .constdata          gpio.o
    0x00001ed8   0x00000254   Data   RO           72    .constdata          sysctl.o
    0x0000212c   0x0000010c   Data   RO           98    .constdata          interrupt.o
    0x00002238   0x00000020   Data   RO          141    Region$$Table       anon$$obj.o


    Execution Region ER_RW (Base: 0x20000000, Size: 0x0000026c, Max: 0xffffffff, ABSOLUTE, COMPRESSED[0x00000008])

    Base Addr    Size         Type   Attr      Idx    E Section Name        Object

    0x20000000   0x0000026c   Data   RW           99    vtable              interrupt.o


    Execution Region ER_ZI (Base: 0x2000026c, Size: 0x00000204, Max: 0xffffffff, ABSOLUTE)

    Base Addr    Size         Type   Attr      Idx    E Section Name        Object

    0x2000026c   0x00000004   PAD
    0x20000270   0x00000200   Zero   RW            1    STACK               startup_tm4c123.o


==============================================================================

Image component sizes


      Code (inc. data)   RO Data    RW Data    ZI Data      Debug   Object Name

        38          0          0          0          0        568   cpu.o
      2292         52        552          0          0      13228   gpio.o
       816         46        268        620          0       4400   interrupt.o
       112         14          0          0          0       4805   main.o
       244          6        620          0        512       5332   startup_tm4c123.o
      3074        236        596          0          0      14398   sysctl.o

    ----------------------------------------------------------------------
      6580        354       2068        620        516      42731   Object Totals
         0          0         32          0          0          0   (incl. Generated)
         4          0          0          0          4          0   (incl. Padding)

    ----------------------------------------------------------------------

      Code (inc. data)   RO Data    RW Data    ZI Data      Debug   Library Member Name

        58          0          0          0          0          0   __dczerorl.o
         0          0          0          0          0          0   entry.o
         0          0          0          0          0          0   entry10a.o
         0          0          0          0          0          0   entry11a.o
         8          4          0          0          0          0   entry2.o
         4          0          0          0          0          0   entry5.o
         0          0          0          0          0          0   entry7b.o
         0          0          0          0          0          0   entry8b.o
         8          4          0          0          0          0   entry9a.o
        30          0          0          0          0          0   handlers.o
        36          8          0          0          0         68   init.o

    ----------------------------------------------------------------------
       144         16          0          0          0         68   Library Totals
         0          0          0          0          0          0   (incl. Padding)

    ----------------------------------------------------------------------

      Code (inc. data)   RO Data    RW Data    ZI Data      Debug   Library Name

       144         16          0          0          0         68   mc_w.l

    ----------------------------------------------------------------------
       144         16          0          0          0         68   Library Totals

    ----------------------------------------------------------------------

==============================================================================


      Code (inc. data)   RO Data    RW Data    ZI Data      Debug   

      6724        370       2068        620        516      42331   Grand Totals
      6724        370       2068          8        516      42331   ELF Image Totals (compressed)
      6724        370       2068          8          0          0   ROM Totals

==============================================================================

    Total RO  Size (Code + RO Data)                 8792 (   8.59kB)
    Total RW  Size (RW Data + ZI Data)              1136 (   1.11kB)
    Total ROM Size (Code + RO Data + RW Data)       8800 (   8.59kB)

==============================================================================

